// Jest Snapshot v1, https://goo.gl/fbAQLP

exports[`Header component snapshot 1`] = `
{
  "asFragment": [Function],
  "baseElement": <body>
    <div>
      <nav>
        <ul
          class="list"
        >
          <li
            class="item"
          >
            <div
              class="block"
            >
              <a
                class="text"
                href="/"
              >
                Главная
              </a>
              <a
                class="mobile"
                href="/"
              >
                <svg
                  fill="none"
                  height="12"
                  viewBox="0 0 12 12"
                  width="12"
                  xmlns="http://www.w3.org/2000/svg"
                >
                  <path
                    d="M11.7984 5.36427L6.41443 0.458394C6.17811 0.243027 5.82174 0.243051 5.58551 0.458371L0.201486 5.3643C0.0121814 5.5368 -0.0503497 5.80258 0.0421345 6.04138C0.134642 6.28019 0.359876 6.43448 0.615977 6.43448H1.4759V11.3498C1.4759 11.5447 1.63391 11.7027 1.8288 11.7027H4.7799C4.97478 11.7027 5.1328 11.5447 5.1328 11.3498V8.36537H6.86721V11.3498C6.86721 11.5447 7.02523 11.7027 7.22011 11.7027H10.1711C10.366 11.7027 10.524 11.5447 10.524 11.3498V6.43448H11.3841C11.6401 6.43448 11.8654 6.28016 11.9579 6.04138C12.0503 5.80256 11.9877 5.5368 11.7984 5.36427Z"
                    fill="#664EF9"
                  />
                </svg>
              </a>
            </div>
            <div
              class="focus"
            />
          </li>
          <li
            class="item"
          >
            <div
              class="block"
            >
              <a
                class="text"
                href="/news"
              >
                Новости
              </a>
              <a
                class="mobile"
                href="/news"
              >
                <svg
                  enable-background="new 0 0 24 24"
                  height="16"
                  id="Layer_1"
                  version="1.1"
                  viewBox="0 0 24 24"
                  width="16"
                  x="0px"
                  xml:space="preserve"
                  xmlns="http://www.w3.org/2000/svg"
                  xmlns:xlink="http://www.w3.org/1999/xlink"
                  y="0px"
                >
                  <g>
                    <path
                      d="M23.5,3h-20C3.2236328,3,3,3.2236328,3,3.5V6H0.5C0.2236328,6,0,6.2236328,0,6.5V19 c0,1.1030273,0.8974609,2,2,2h20c1.1025391,0,2-0.8969727,2-2V3.5C24,3.2236328,23.7763672,3,23.5,3z"
                      fill="#303C42"
                    />
                    <path
                      d="M3,19c0,0.5512695-0.4482422,1-1,1s-1-0.4487305-1-1V7h2V19z"
                      fill="#E6E6E5"
                    />
                    <path
                      d="M2.00177,17.8104248c0.0001221,0.5897217-0.0279541,1.1795654-0.1114502,1.7633667 c-0.0175781,0.1229248-0.0313721,0.2578125-0.0401611,0.395874C1.901062,19.9776611,1.9468384,20,2,20c0.5517578,0,1-0.4487305,1-1 V7H2.0003662L2.00177,17.8104248z"
                      fill="#010101"
                      opacity="0.1"
                    />
                    <path
                      d="M23,19c0,0.5512695-0.4482422,1-1,1H3.7314453C3.9023438,19.7055664,4,19.3637695,4,19V4h19V19z"
                      fill="#F3F3F3"
                    />
                    <path
                      d="M5.5,11C5.7763672,11,6,10.7763672,6,10.5V7h0.5C6.7753906,7,7,7.2241211,7,7.5v3 C7,10.7763672,7.2236328,11,7.5,11S8,10.7763672,8,10.5v-3C8,6.6728516,7.3271484,6,6.5,6h-1C5.2236328,6,5,6.2236328,5,6.5v4 C5,10.7763672,5.2236328,11,5.5,11z"
                      fill="#303C42"
                    />
                    <path
                      d="M9.5,11h2c0.2763672,0,0.5-0.2236328,0.5-0.5S11.7763672,10,11.5,10H10V9h1 c0.2763672,0,0.5-0.2236328,0.5-0.5S11.2763672,8,11,8h-1V7h1.5C11.7763672,7,12,6.7763672,12,6.5S11.7763672,6,11.5,6h-2 C9.2236328,6,9,6.2236328,9,6.5v4C9,10.7763672,9.2236328,11,9.5,11z"
                      fill="#303C42"
                    />
                    <path
                      d="M14.0839844,10.7773438C14.1767578,10.9165039,14.3330078,11,14.5,11 s0.3232422-0.0834961,0.4160156-0.2226563L15.5,9.9013672l0.5839844,0.8759766C16.1767578,10.9165039,16.3330078,11,16.5,11 s0.3232422-0.0834961,0.4160156-0.2226563l1-1.5C17.9707031,9.1953125,18,9.0986328,18,9V6.5C18,6.2236328,17.7763672,6,17.5,6 S17,6.2236328,17,6.5v2.3486328l-0.5,0.75l-0.5-0.75V6.5C16,6.2236328,15.7763672,6,15.5,6S15,6.2236328,15,6.5v2.3486328 l-0.5,0.75l-0.5-0.75V6.5C14,6.2236328,13.7763672,6,13.5,6S13,6.2236328,13,6.5V9 c0,0.0986328,0.0292969,0.1953125,0.0839844,0.2773438L14.0839844,10.7773438z"
                      fill="#303C42"
                    />
                    <path
                      d="M20.5,10h-1c-0.2763672,0-0.5,0.2236328-0.5,0.5s0.2236328,0.5,0.5,0.5h1 c0.8271484,0,1.5-0.6728516,1.5-1.5S21.3271484,8,20.5,8C20.2246094,8,20,7.7758789,20,7.5S20.2246094,7,20.5,7h1 C21.7763672,7,22,6.7763672,22,6.5S21.7763672,6,21.5,6h-1C19.6728516,6,19,6.6728516,19,7.5S19.6728516,9,20.5,9 C20.7753906,9,21,9.2241211,21,9.5S20.7753906,10,20.5,10z"
                      fill="#303C42"
                    />
                    <path
                      d="M5.5,18h7c0.2763672,0,0.5-0.2236328,0.5-0.5v-5c0-0.2763672-0.2236328-0.5-0.5-0.5h-7 C5.2236328,12,5,12.2236328,5,12.5v5C5,17.7763672,5.2236328,18,5.5,18z"
                      fill="#303C42"
                    />
                    <path
                      d="M21.5,13h-7c-0.2763672,0-0.5,0.2236328-0.5,0.5s0.2236328,0.5,0.5,0.5h7 c0.2763672,0,0.5-0.2236328,0.5-0.5S21.7763672,13,21.5,13z"
                      fill="#303C42"
                    />
                    <path
                      d="M21.5,15h-7c-0.2763672,0-0.5,0.2236328-0.5,0.5s0.2236328,0.5,0.5,0.5h7 c0.2763672,0,0.5-0.2236328,0.5-0.5S21.7763672,15,21.5,15z"
                      fill="#303C42"
                    />
                    <path
                      d="M21.5,17h-7c-0.2763672,0-0.5,0.2236328-0.5,0.5s0.2236328,0.5,0.5,0.5h7 c0.2763672,0,0.5-0.2236328,0.5-0.5S21.7763672,17,21.5,17z"
                      fill="#303C42"
                    />
                    <rect
                      fill="#3D82C4"
                      height="4"
                      width="6"
                      x="6"
                      y="13"
                    />
                    <lineargradient
                      gradientUnits="userSpaceOnUse"
                      id="SVGID_1_"
                      x1="0.0983438"
                      x2="24.8119392"
                      y1="6.1777954"
                      y2="17.7019348"
                    />
                    <path
                      d="M23.5,3h-20C3.2236328,3,3,3.2236328,3,3.5V6H0.5C0.2236328,6,0,6.2236328,0,6.5V19 c0,1.1030273,0.8974609,2,2,2h20c1.1025391,0,2-0.8969727,2-2V3.5C24,3.2236328,23.7763672,3,23.5,3z"
                      fill="url(#SVGID_1_)"
                    />
                  </g>
                  <g />
                  <g />
                  <g />
                  <g />
                  <g />
                  <g />
                  <g />
                  <g />
                  <g />
                  <g />
                  <g />
                  <g />
                  <g />
                  <g />
                  <g />
                </svg>
              </a>
            </div>
            <div
              class="focus"
            />
          </li>
          <li
            class="item"
          >
            <div
              class="block"
            >
              <a
                class="text"
                href="/"
              >
                Размещение и тарифы
              </a>
            </div>
            <div
              class="focus"
            />
          </li>
          <li
            class="item"
          >
            <div
              class="block"
            >
              <span
                class="sprite"
              >
                <svg
                  height="10"
                  viewBox="0 0 9 10"
                  width="9"
                  xmlns="http://www.w3.org/2000/svg"
                >
                  <path
                    d="M7.43806 1.74419C6.7055 0.627907 5.4962 0 4.13573 0C2.7869 0 1.5776 0.627907 0.821781 1.74419C0.0659671 2.83721 -0.108452 4.23256 0.356665 5.45349C0.484572 5.77907 0.682246 6.11628 0.93806 6.4186L3.87992 9.88372C3.94969 9.95349 4.01946 10 4.12411 10C4.22876 10 4.29853 9.95349 4.36829 9.88372L7.32178 6.4186C7.5776 6.11628 7.7869 5.7907 7.90318 5.45349C8.36829 4.23256 8.19387 2.83721 7.43806 1.74419ZM4.13573 5.86047C3.13573 5.86047 2.31015 5.03488 2.31015 4.03488C2.31015 3.03488 3.13573 2.2093 4.13573 2.2093C5.13574 2.2093 5.96132 3.03488 5.96132 4.03488C5.96132 5.03488 5.14736 5.86047 4.13573 5.86047Z"
                    fill="#1E2123"
                  />
                </svg>
              </span>
              <a
                class="text"
                href="./"
              >
                Объявления на карте
              </a>
            </div>
            <div
              class="focus"
            />
          </li>
          <li
            class="item"
          >
            <div
              class="block"
            >
              <a
                class="text"
                href="/contacts"
              >
                Контакты
              </a>
            </div>
            <div
              class="focus"
            />
          </li>
          <li
            class="item"
          >
            <div
              class="block"
            >
              <span
                class="sprite"
              >
                <svg
                  fill=""
                  height="14"
                  preserveAspectRatio="xMidYMid meet"
                  version="1.0"
                  viewBox="0 0 512.000000 512.000000"
                  width="16"
                  xmlns="http://www.w3.org/2000/svg"
                >
                  <g
                    stroke-width="225"
                    transform="translate(0.000000,512.000000) scale(0.100000,-0.100000)"
                  >
                    <path
                      d="M1374 4345 c-480 -74 -852 -427 -966 -914 -29 -126 -36 -386 -14 -506 89 -478 473 -1000 1129 -1538 178 -146 421 -326 620 -458 214 -142 269 -164 417 -164 149 0 206 22 418 164 1024 685 1633 1381 1748 1996 22 120 15 380 -14 506 -76 324 -275 604 -543 764 -273 162 -602 206 -906 120 -112 -32 -307 -129 -398 -197 -76 -58 -210 -187 -268 -258 l-37 -45 -37 45 c-65 80 -208 216 -284 270 -259 182 -573 261 -865 215z"
                    />
                  </g>
                </svg>
              </span>
              <a
                class="text text-medium"
                href="/"
              >
                Закладки
              </a>
              <a
                class="mobile"
                href="/"
              >
                <svg
                  fill=""
                  height="14"
                  preserveAspectRatio="xMidYMid meet"
                  version="1.0"
                  viewBox="0 0 512.000000 512.000000"
                  width="16"
                  xmlns="http://www.w3.org/2000/svg"
                >
                  <g
                    stroke-width="225"
                    transform="translate(0.000000,512.000000) scale(0.100000,-0.100000)"
                  >
                    <path
                      d="M1374 4345 c-480 -74 -852 -427 -966 -914 -29 -126 -36 -386 -14 -506 89 -478 473 -1000 1129 -1538 178 -146 421 -326 620 -458 214 -142 269 -164 417 -164 149 0 206 22 418 164 1024 685 1633 1381 1748 1996 22 120 15 380 -14 506 -76 324 -275 604 -543 764 -273 162 -602 206 -906 120 -112 -32 -307 -129 -398 -197 -76 -58 -210 -187 -268 -258 l-37 -45 -37 45 c-65 80 -208 216 -284 270 -259 182 -573 261 -865 215z"
                    />
                  </g>
                </svg>
              </a>
            </div>
            <div
              class="focus"
            />
          </li>
          <li
            class="item"
          >
            <a
              class="login computer-version"
              href="./authorization"
            >
              Вход и регистрация
            </a>
            <a
              class="login mobile"
              href="./authorization"
            >
              <svg
                height="18"
                preserveAspectRatio="xMidYMid meet"
                version="1.0"
                viewBox="0 0 1280.000000 1280.000000"
                width="18"
                xmlns="http://www.w3.org/2000/svg"
              >
                <g
                  fill="#000000"
                  stroke="none"
                  transform="translate(0.000000,1280.000000) scale(0.100000,-0.100000)"
                >
                  <path
                    d="M6080 11255 c-171 -35 -306 -109 -435 -239 -100 -101 -158 -193 -199 -316 -36 -108 -46 -186 -46 -357 l0 -153 2355 0 c1694 0 2369 -3 2407 -11 167 -35 301 -170 337 -337 16 -76 16 -6808 0 -6884 -36 -167 -171 -302 -337 -337 -38 -8 -713 -11 -2407 -11 l-2355 0 0 -152 c0 -172 10 -250 46 -358 41 -122 99 -214 199 -316 133 -134 278 -211 459 -243 41 -8 807 -11 2393 -11 2569 0 2395 -4 2563 61 107 41 192 100 290 199 126 127 201 275 229 450 15 91 15 8229 0 8320 -55 348 -329 629 -677 696 -106 20 -4721 19 -4822 -1z"
                  />
                  <path
                    d="M5825 8954 c-44 -14 -78 -43 -289 -252 -266 -265 -286 -292 -286 -397 0 -37 8 -76 19 -101 13 -28 204 -227 646 -670 l628 -629 -2574 -5 -2574 -5 -41 -22 c-56 -30 -119 -103 -133 -155 -9 -31 -11 -143 -9 -383 3 -328 4 -341 25 -381 25 -48 83 -101 129 -120 28 -12 446 -14 2604 -14 1413 0 2570 -3 2570 -7 0 -4 -281 -289 -625 -633 -478 -479 -629 -636 -644 -670 -27 -60 -27 -150 0 -210 29 -64 454 -491 523 -525 64 -32 157 -34 219 -5 31 15 363 341 1218 1197 1160 1162 1176 1179 1208 1251 30 66 33 80 30 150 -5 97 -35 161 -123 263 -35 41 -563 572 -1172 1181 -783 781 -1122 1112 -1153 1128 -57 29 -133 34 -196 14z"
                  />
                </g>
              </svg>
            </a>
          </li>
        </ul>
      </nav>
      <nav
        class="navigation"
      >
        <div
          class="computer-version"
        >
          <img
            alt="logo"
            data-nimg="1"
            decoding="async"
            height="20"
            loading="lazy"
            src="/_next/image?url=%2Flogo.png&w=384&q=75"
            srcset="/_next/image?url=%2Flogo.png&w=256&q=75 1x, /_next/image?url=%2Flogo.png&w=384&q=75 2x"
            style="color: transparent;"
            width="134"
          />
        </div>
        <ul
          class="navigation-list"
        >
          <ul
            class="position"
          >
            <li
              class="item"
            >
              <div
                class="block"
              >
                <div
                  class="navigation-text"
                >
                  Квартиры на сутки
                </div>
                <span
                  class="sprite-margin navigation-none"
                >
                  <svg
                    height="12"
                    viewBox="0 0 9 10"
                    width="12"
                    xmlns="http://www.w3.org/2000/svg"
                  >
                    <path
                      d="M7.43806 1.74419C6.7055 0.627907 5.4962 0 4.13573 0C2.7869 0 1.5776 0.627907 0.821781 1.74419C0.0659671 2.83721 -0.108452 4.23256 0.356665 5.45349C0.484572 5.77907 0.682246 6.11628 0.93806 6.4186L3.87992 9.88372C3.94969 9.95349 4.01946 10 4.12411 10C4.22876 10 4.29853 9.95349 4.36829 9.88372L7.32178 6.4186C7.5776 6.11628 7.7869 5.7907 7.90318 5.45349C8.36829 4.23256 8.19387 2.83721 7.43806 1.74419ZM4.13573 5.86047C3.13573 5.86047 2.31015 5.03488 2.31015 4.03488C2.31015 3.03488 3.13573 2.2093 4.13573 2.2093C5.13574 2.2093 5.96132 3.03488 5.96132 4.03488C5.96132 5.03488 5.14736 5.86047 4.13573 5.86047Z"
                      fill="#FFD54F"
                    />
                  </svg>
                </span>
              </div>
              <span
                class="focus navigation-none"
              />
            </li>
          </ul>
          <ul
            class="position"
          >
            <li
              class="item"
            >
              <div
                class="block"
              >
                <div
                  class="navigation-text"
                >
                  Коттеджи и усадьбы
                </div>
              </div>
              <span
                class="focus navigation-none"
              />
            </li>
          </ul>
          <ul
            class="position"
          >
            <li
              class="item"
            >
              <div
                class="block"
              >
                <div
                  class="navigation-text"
                >
                  Бани и Сауны
                </div>
              </div>
              <span
                class="focus navigation-none"
              />
            </li>
          </ul>
          <ul
            class="position"
          >
            <li
              class="item"
            >
              <div
                class="block"
              >
                <div
                  class="navigation-text"
                >
                  Авто напрокат
                </div>
              </div>
              <span
                class="focus navigation-none"
              />
            </li>
          </ul>
        </ul>
        <button
          class="button computer-version"
        >
          + Разместить объявление
        </button>
        <button
          class="button-mobile mobile"
        >
          <svg
            fill="none"
            height="20"
            viewBox="0 0 20 20"
            width="20"
            xmlns="http://www.w3.org/2000/svg"
          >
            <path
              d="M2.99707 5.5C2.99707 4.11929 4.11636 3 5.49707 3H14.4971C15.8778 3 16.9971 4.11929 16.9971 5.5V6H17V7H16.9971V14.5C16.9971 15.8807 15.8778 17 14.4971 17H5.49707C4.11636 17 2.99707 15.8807 2.99707 14.5V5.5ZM15.9971 6V5.5C15.9971 4.67157 15.3255 4 14.4971 4H5.49707C4.66864 4 3.99707 4.67157 3.99707 5.5V6H15.9971ZM3.99707 7V14.5C3.99707 15.3284 4.66864 16 5.49707 16H14.4971C15.3255 16 15.9971 15.3284 15.9971 14.5V7H3.99707Z"
              fill="#212121"
            />
            <path
              d="M5.5 8C5.22386 8 5 8.22386 5 8.5V12.5C5 12.7761 5.22386 13 5.5 13H9.5C9.77614 13 10 12.7761 10 12.5V8.5C10 8.22386 9.77614 8 9.5 8H5.5ZM9 9V12H6V9H9Z"
              fill="#212121"
            />
          </svg>
        </button>
      </nav>
    </div>
  </body>,
  "container": <div>
    <nav>
      <ul
        class="list"
      >
        <li
          class="item"
        >
          <div
            class="block"
          >
            <a
              class="text"
              href="/"
            >
              Главная
            </a>
            <a
              class="mobile"
              href="/"
            >
              <svg
                fill="none"
                height="12"
                viewBox="0 0 12 12"
                width="12"
                xmlns="http://www.w3.org/2000/svg"
              >
                <path
                  d="M11.7984 5.36427L6.41443 0.458394C6.17811 0.243027 5.82174 0.243051 5.58551 0.458371L0.201486 5.3643C0.0121814 5.5368 -0.0503497 5.80258 0.0421345 6.04138C0.134642 6.28019 0.359876 6.43448 0.615977 6.43448H1.4759V11.3498C1.4759 11.5447 1.63391 11.7027 1.8288 11.7027H4.7799C4.97478 11.7027 5.1328 11.5447 5.1328 11.3498V8.36537H6.86721V11.3498C6.86721 11.5447 7.02523 11.7027 7.22011 11.7027H10.1711C10.366 11.7027 10.524 11.5447 10.524 11.3498V6.43448H11.3841C11.6401 6.43448 11.8654 6.28016 11.9579 6.04138C12.0503 5.80256 11.9877 5.5368 11.7984 5.36427Z"
                  fill="#664EF9"
                />
              </svg>
            </a>
          </div>
          <div
            class="focus"
          />
        </li>
        <li
          class="item"
        >
          <div
            class="block"
          >
            <a
              class="text"
              href="/news"
            >
              Новости
            </a>
            <a
              class="mobile"
              href="/news"
            >
              <svg
                enable-background="new 0 0 24 24"
                height="16"
                id="Layer_1"
                version="1.1"
                viewBox="0 0 24 24"
                width="16"
                x="0px"
                xml:space="preserve"
                xmlns="http://www.w3.org/2000/svg"
                xmlns:xlink="http://www.w3.org/1999/xlink"
                y="0px"
              >
                <g>
                  <path
                    d="M23.5,3h-20C3.2236328,3,3,3.2236328,3,3.5V6H0.5C0.2236328,6,0,6.2236328,0,6.5V19 c0,1.1030273,0.8974609,2,2,2h20c1.1025391,0,2-0.8969727,2-2V3.5C24,3.2236328,23.7763672,3,23.5,3z"
                    fill="#303C42"
                  />
                  <path
                    d="M3,19c0,0.5512695-0.4482422,1-1,1s-1-0.4487305-1-1V7h2V19z"
                    fill="#E6E6E5"
                  />
                  <path
                    d="M2.00177,17.8104248c0.0001221,0.5897217-0.0279541,1.1795654-0.1114502,1.7633667 c-0.0175781,0.1229248-0.0313721,0.2578125-0.0401611,0.395874C1.901062,19.9776611,1.9468384,20,2,20c0.5517578,0,1-0.4487305,1-1 V7H2.0003662L2.00177,17.8104248z"
                    fill="#010101"
                    opacity="0.1"
                  />
                  <path
                    d="M23,19c0,0.5512695-0.4482422,1-1,1H3.7314453C3.9023438,19.7055664,4,19.3637695,4,19V4h19V19z"
                    fill="#F3F3F3"
                  />
                  <path
                    d="M5.5,11C5.7763672,11,6,10.7763672,6,10.5V7h0.5C6.7753906,7,7,7.2241211,7,7.5v3 C7,10.7763672,7.2236328,11,7.5,11S8,10.7763672,8,10.5v-3C8,6.6728516,7.3271484,6,6.5,6h-1C5.2236328,6,5,6.2236328,5,6.5v4 C5,10.7763672,5.2236328,11,5.5,11z"
                    fill="#303C42"
                  />
                  <path
                    d="M9.5,11h2c0.2763672,0,0.5-0.2236328,0.5-0.5S11.7763672,10,11.5,10H10V9h1 c0.2763672,0,0.5-0.2236328,0.5-0.5S11.2763672,8,11,8h-1V7h1.5C11.7763672,7,12,6.7763672,12,6.5S11.7763672,6,11.5,6h-2 C9.2236328,6,9,6.2236328,9,6.5v4C9,10.7763672,9.2236328,11,9.5,11z"
                    fill="#303C42"
                  />
                  <path
                    d="M14.0839844,10.7773438C14.1767578,10.9165039,14.3330078,11,14.5,11 s0.3232422-0.0834961,0.4160156-0.2226563L15.5,9.9013672l0.5839844,0.8759766C16.1767578,10.9165039,16.3330078,11,16.5,11 s0.3232422-0.0834961,0.4160156-0.2226563l1-1.5C17.9707031,9.1953125,18,9.0986328,18,9V6.5C18,6.2236328,17.7763672,6,17.5,6 S17,6.2236328,17,6.5v2.3486328l-0.5,0.75l-0.5-0.75V6.5C16,6.2236328,15.7763672,6,15.5,6S15,6.2236328,15,6.5v2.3486328 l-0.5,0.75l-0.5-0.75V6.5C14,6.2236328,13.7763672,6,13.5,6S13,6.2236328,13,6.5V9 c0,0.0986328,0.0292969,0.1953125,0.0839844,0.2773438L14.0839844,10.7773438z"
                    fill="#303C42"
                  />
                  <path
                    d="M20.5,10h-1c-0.2763672,0-0.5,0.2236328-0.5,0.5s0.2236328,0.5,0.5,0.5h1 c0.8271484,0,1.5-0.6728516,1.5-1.5S21.3271484,8,20.5,8C20.2246094,8,20,7.7758789,20,7.5S20.2246094,7,20.5,7h1 C21.7763672,7,22,6.7763672,22,6.5S21.7763672,6,21.5,6h-1C19.6728516,6,19,6.6728516,19,7.5S19.6728516,9,20.5,9 C20.7753906,9,21,9.2241211,21,9.5S20.7753906,10,20.5,10z"
                    fill="#303C42"
                  />
                  <path
                    d="M5.5,18h7c0.2763672,0,0.5-0.2236328,0.5-0.5v-5c0-0.2763672-0.2236328-0.5-0.5-0.5h-7 C5.2236328,12,5,12.2236328,5,12.5v5C5,17.7763672,5.2236328,18,5.5,18z"
                    fill="#303C42"
                  />
                  <path
                    d="M21.5,13h-7c-0.2763672,0-0.5,0.2236328-0.5,0.5s0.2236328,0.5,0.5,0.5h7 c0.2763672,0,0.5-0.2236328,0.5-0.5S21.7763672,13,21.5,13z"
                    fill="#303C42"
                  />
                  <path
                    d="M21.5,15h-7c-0.2763672,0-0.5,0.2236328-0.5,0.5s0.2236328,0.5,0.5,0.5h7 c0.2763672,0,0.5-0.2236328,0.5-0.5S21.7763672,15,21.5,15z"
                    fill="#303C42"
                  />
                  <path
                    d="M21.5,17h-7c-0.2763672,0-0.5,0.2236328-0.5,0.5s0.2236328,0.5,0.5,0.5h7 c0.2763672,0,0.5-0.2236328,0.5-0.5S21.7763672,17,21.5,17z"
                    fill="#303C42"
                  />
                  <rect
                    fill="#3D82C4"
                    height="4"
                    width="6"
                    x="6"
                    y="13"
                  />
                  <lineargradient
                    gradientUnits="userSpaceOnUse"
                    id="SVGID_1_"
                    x1="0.0983438"
                    x2="24.8119392"
                    y1="6.1777954"
                    y2="17.7019348"
                  />
                  <path
                    d="M23.5,3h-20C3.2236328,3,3,3.2236328,3,3.5V6H0.5C0.2236328,6,0,6.2236328,0,6.5V19 c0,1.1030273,0.8974609,2,2,2h20c1.1025391,0,2-0.8969727,2-2V3.5C24,3.2236328,23.7763672,3,23.5,3z"
                    fill="url(#SVGID_1_)"
                  />
                </g>
                <g />
                <g />
                <g />
                <g />
                <g />
                <g />
                <g />
                <g />
                <g />
                <g />
                <g />
                <g />
                <g />
                <g />
                <g />
              </svg>
            </a>
          </div>
          <div
            class="focus"
          />
        </li>
        <li
          class="item"
        >
          <div
            class="block"
          >
            <a
              class="text"
              href="/"
            >
              Размещение и тарифы
            </a>
          </div>
          <div
            class="focus"
          />
        </li>
        <li
          class="item"
        >
          <div
            class="block"
          >
            <span
              class="sprite"
            >
              <svg
                height="10"
                viewBox="0 0 9 10"
                width="9"
                xmlns="http://www.w3.org/2000/svg"
              >
                <path
                  d="M7.43806 1.74419C6.7055 0.627907 5.4962 0 4.13573 0C2.7869 0 1.5776 0.627907 0.821781 1.74419C0.0659671 2.83721 -0.108452 4.23256 0.356665 5.45349C0.484572 5.77907 0.682246 6.11628 0.93806 6.4186L3.87992 9.88372C3.94969 9.95349 4.01946 10 4.12411 10C4.22876 10 4.29853 9.95349 4.36829 9.88372L7.32178 6.4186C7.5776 6.11628 7.7869 5.7907 7.90318 5.45349C8.36829 4.23256 8.19387 2.83721 7.43806 1.74419ZM4.13573 5.86047C3.13573 5.86047 2.31015 5.03488 2.31015 4.03488C2.31015 3.03488 3.13573 2.2093 4.13573 2.2093C5.13574 2.2093 5.96132 3.03488 5.96132 4.03488C5.96132 5.03488 5.14736 5.86047 4.13573 5.86047Z"
                  fill="#1E2123"
                />
              </svg>
            </span>
            <a
              class="text"
              href="./"
            >
              Объявления на карте
            </a>
          </div>
          <div
            class="focus"
          />
        </li>
        <li
          class="item"
        >
          <div
            class="block"
          >
            <a
              class="text"
              href="/contacts"
            >
              Контакты
            </a>
          </div>
          <div
            class="focus"
          />
        </li>
        <li
          class="item"
        >
          <div
            class="block"
          >
            <span
              class="sprite"
            >
              <svg
                fill=""
                height="14"
                preserveAspectRatio="xMidYMid meet"
                version="1.0"
                viewBox="0 0 512.000000 512.000000"
                width="16"
                xmlns="http://www.w3.org/2000/svg"
              >
                <g
                  stroke-width="225"
                  transform="translate(0.000000,512.000000) scale(0.100000,-0.100000)"
                >
                  <path
                    d="M1374 4345 c-480 -74 -852 -427 -966 -914 -29 -126 -36 -386 -14 -506 89 -478 473 -1000 1129 -1538 178 -146 421 -326 620 -458 214 -142 269 -164 417 -164 149 0 206 22 418 164 1024 685 1633 1381 1748 1996 22 120 15 380 -14 506 -76 324 -275 604 -543 764 -273 162 -602 206 -906 120 -112 -32 -307 -129 -398 -197 -76 -58 -210 -187 -268 -258 l-37 -45 -37 45 c-65 80 -208 216 -284 270 -259 182 -573 261 -865 215z"
                  />
                </g>
              </svg>
            </span>
            <a
              class="text text-medium"
              href="/"
            >
              Закладки
            </a>
            <a
              class="mobile"
              href="/"
            >
              <svg
                fill=""
                height="14"
                preserveAspectRatio="xMidYMid meet"
                version="1.0"
                viewBox="0 0 512.000000 512.000000"
                width="16"
                xmlns="http://www.w3.org/2000/svg"
              >
                <g
                  stroke-width="225"
                  transform="translate(0.000000,512.000000) scale(0.100000,-0.100000)"
                >
                  <path
                    d="M1374 4345 c-480 -74 -852 -427 -966 -914 -29 -126 -36 -386 -14 -506 89 -478 473 -1000 1129 -1538 178 -146 421 -326 620 -458 214 -142 269 -164 417 -164 149 0 206 22 418 164 1024 685 1633 1381 1748 1996 22 120 15 380 -14 506 -76 324 -275 604 -543 764 -273 162 -602 206 -906 120 -112 -32 -307 -129 -398 -197 -76 -58 -210 -187 -268 -258 l-37 -45 -37 45 c-65 80 -208 216 -284 270 -259 182 -573 261 -865 215z"
                  />
                </g>
              </svg>
            </a>
          </div>
          <div
            class="focus"
          />
        </li>
        <li
          class="item"
        >
          <a
            class="login computer-version"
            href="./authorization"
          >
            Вход и регистрация
          </a>
          <a
            class="login mobile"
            href="./authorization"
          >
            <svg
              height="18"
              preserveAspectRatio="xMidYMid meet"
              version="1.0"
              viewBox="0 0 1280.000000 1280.000000"
              width="18"
              xmlns="http://www.w3.org/2000/svg"
            >
              <g
                fill="#000000"
                stroke="none"
                transform="translate(0.000000,1280.000000) scale(0.100000,-0.100000)"
              >
                <path
                  d="M6080 11255 c-171 -35 -306 -109 -435 -239 -100 -101 -158 -193 -199 -316 -36 -108 -46 -186 -46 -357 l0 -153 2355 0 c1694 0 2369 -3 2407 -11 167 -35 301 -170 337 -337 16 -76 16 -6808 0 -6884 -36 -167 -171 -302 -337 -337 -38 -8 -713 -11 -2407 -11 l-2355 0 0 -152 c0 -172 10 -250 46 -358 41 -122 99 -214 199 -316 133 -134 278 -211 459 -243 41 -8 807 -11 2393 -11 2569 0 2395 -4 2563 61 107 41 192 100 290 199 126 127 201 275 229 450 15 91 15 8229 0 8320 -55 348 -329 629 -677 696 -106 20 -4721 19 -4822 -1z"
                />
                <path
                  d="M5825 8954 c-44 -14 -78 -43 -289 -252 -266 -265 -286 -292 -286 -397 0 -37 8 -76 19 -101 13 -28 204 -227 646 -670 l628 -629 -2574 -5 -2574 -5 -41 -22 c-56 -30 -119 -103 -133 -155 -9 -31 -11 -143 -9 -383 3 -328 4 -341 25 -381 25 -48 83 -101 129 -120 28 -12 446 -14 2604 -14 1413 0 2570 -3 2570 -7 0 -4 -281 -289 -625 -633 -478 -479 -629 -636 -644 -670 -27 -60 -27 -150 0 -210 29 -64 454 -491 523 -525 64 -32 157 -34 219 -5 31 15 363 341 1218 1197 1160 1162 1176 1179 1208 1251 30 66 33 80 30 150 -5 97 -35 161 -123 263 -35 41 -563 572 -1172 1181 -783 781 -1122 1112 -1153 1128 -57 29 -133 34 -196 14z"
                />
              </g>
            </svg>
          </a>
        </li>
      </ul>
    </nav>
    <nav
      class="navigation"
    >
      <div
        class="computer-version"
      >
        <img
          alt="logo"
          data-nimg="1"
          decoding="async"
          height="20"
          loading="lazy"
          src="/_next/image?url=%2Flogo.png&w=384&q=75"
          srcset="/_next/image?url=%2Flogo.png&w=256&q=75 1x, /_next/image?url=%2Flogo.png&w=384&q=75 2x"
          style="color: transparent;"
          width="134"
        />
      </div>
      <ul
        class="navigation-list"
      >
        <ul
          class="position"
        >
          <li
            class="item"
          >
            <div
              class="block"
            >
              <div
                class="navigation-text"
              >
                Квартиры на сутки
              </div>
              <span
                class="sprite-margin navigation-none"
              >
                <svg
                  height="12"
                  viewBox="0 0 9 10"
                  width="12"
                  xmlns="http://www.w3.org/2000/svg"
                >
                  <path
                    d="M7.43806 1.74419C6.7055 0.627907 5.4962 0 4.13573 0C2.7869 0 1.5776 0.627907 0.821781 1.74419C0.0659671 2.83721 -0.108452 4.23256 0.356665 5.45349C0.484572 5.77907 0.682246 6.11628 0.93806 6.4186L3.87992 9.88372C3.94969 9.95349 4.01946 10 4.12411 10C4.22876 10 4.29853 9.95349 4.36829 9.88372L7.32178 6.4186C7.5776 6.11628 7.7869 5.7907 7.90318 5.45349C8.36829 4.23256 8.19387 2.83721 7.43806 1.74419ZM4.13573 5.86047C3.13573 5.86047 2.31015 5.03488 2.31015 4.03488C2.31015 3.03488 3.13573 2.2093 4.13573 2.2093C5.13574 2.2093 5.96132 3.03488 5.96132 4.03488C5.96132 5.03488 5.14736 5.86047 4.13573 5.86047Z"
                    fill="#FFD54F"
                  />
                </svg>
              </span>
            </div>
            <span
              class="focus navigation-none"
            />
          </li>
        </ul>
        <ul
          class="position"
        >
          <li
            class="item"
          >
            <div
              class="block"
            >
              <div
                class="navigation-text"
              >
                Коттеджи и усадьбы
              </div>
            </div>
            <span
              class="focus navigation-none"
            />
          </li>
        </ul>
        <ul
          class="position"
        >
          <li
            class="item"
          >
            <div
              class="block"
            >
              <div
                class="navigation-text"
              >
                Бани и Сауны
              </div>
            </div>
            <span
              class="focus navigation-none"
            />
          </li>
        </ul>
        <ul
          class="position"
        >
          <li
            class="item"
          >
            <div
              class="block"
            >
              <div
                class="navigation-text"
              >
                Авто напрокат
              </div>
            </div>
            <span
              class="focus navigation-none"
            />
          </li>
        </ul>
      </ul>
      <button
        class="button computer-version"
      >
        + Разместить объявление
      </button>
      <button
        class="button-mobile mobile"
      >
        <svg
          fill="none"
          height="20"
          viewBox="0 0 20 20"
          width="20"
          xmlns="http://www.w3.org/2000/svg"
        >
          <path
            d="M2.99707 5.5C2.99707 4.11929 4.11636 3 5.49707 3H14.4971C15.8778 3 16.9971 4.11929 16.9971 5.5V6H17V7H16.9971V14.5C16.9971 15.8807 15.8778 17 14.4971 17H5.49707C4.11636 17 2.99707 15.8807 2.99707 14.5V5.5ZM15.9971 6V5.5C15.9971 4.67157 15.3255 4 14.4971 4H5.49707C4.66864 4 3.99707 4.67157 3.99707 5.5V6H15.9971ZM3.99707 7V14.5C3.99707 15.3284 4.66864 16 5.49707 16H14.4971C15.3255 16 15.9971 15.3284 15.9971 14.5V7H3.99707Z"
            fill="#212121"
          />
          <path
            d="M5.5 8C5.22386 8 5 8.22386 5 8.5V12.5C5 12.7761 5.22386 13 5.5 13H9.5C9.77614 13 10 12.7761 10 12.5V8.5C10 8.22386 9.77614 8 9.5 8H5.5ZM9 9V12H6V9H9Z"
            fill="#212121"
          />
        </svg>
      </button>
    </nav>
  </div>,
  "debug": [Function],
  "findAllByAltText": [Function],
  "findAllByDisplayValue": [Function],
  "findAllByLabelText": [Function],
  "findAllByPlaceholderText": [Function],
  "findAllByRole": [Function],
  "findAllByTestId": [Function],
  "findAllByText": [Function],
  "findAllByTitle": [Function],
  "findByAltText": [Function],
  "findByDisplayValue": [Function],
  "findByLabelText": [Function],
  "findByPlaceholderText": [Function],
  "findByRole": [Function],
  "findByTestId": [Function],
  "findByText": [Function],
  "findByTitle": [Function],
  "getAllByAltText": [Function],
  "getAllByDisplayValue": [Function],
  "getAllByLabelText": [Function],
  "getAllByPlaceholderText": [Function],
  "getAllByRole": [Function],
  "getAllByTestId": [Function],
  "getAllByText": [Function],
  "getAllByTitle": [Function],
  "getByAltText": [Function],
  "getByDisplayValue": [Function],
  "getByLabelText": [Function],
  "getByPlaceholderText": [Function],
  "getByRole": [Function],
  "getByTestId": [Function],
  "getByText": [Function],
  "getByTitle": [Function],
  "queryAllByAltText": [Function],
  "queryAllByDisplayValue": [Function],
  "queryAllByLabelText": [Function],
  "queryAllByPlaceholderText": [Function],
  "queryAllByRole": [Function],
  "queryAllByTestId": [Function],
  "queryAllByText": [Function],
  "queryAllByTitle": [Function],
  "queryByAltText": [Function],
  "queryByDisplayValue": [Function],
  "queryByLabelText": [Function],
  "queryByPlaceholderText": [Function],
  "queryByRole": [Function],
  "queryByTestId": [Function],
  "queryByText": [Function],
  "queryByTitle": [Function],
  "rerender": [Function],
  "unmount": [Function],
}
`;
